2026-06-11T19:07:23.812+08:00  INFO 38840 --- [backend-rental] [main] c.e.demo.test_service.TestReservation    : Starting TestReservation using Java 17.0.18 with PID 38840 (started by User in C:\Users\User\Documents\workspace-spring-tools-for-eclipse-5.0.1.RELEASE\backend-rental)
2026-06-11T19:07:23.818+08:00  INFO 38840 --- [backend-rental] [main] c.e.demo.test_service.TestReservation    : No active profile set, falling back to 1 default profile: "default"
2026-06-11T19:07:24.476+08:00  INFO 38840 --- [backend-rental] [main] .s.d.r.c.RepositoryConfigurationDelegate : Bootstrapping Spring Data JPA repositories in DEFAULT mode.
2026-06-11T19:07:24.546+08:00  INFO 38840 --- [backend-rental] [main] .s.d.r.c.RepositoryConfigurationDelegate : Finished Spring Data repository scanning in 57 ms. Found 3 JPA repository interfaces.
2026-06-11T19:07:25.080+08:00  INFO 38840 --- [backend-rental] [main] o.hibernate.jpa.internal.util.LogHelper  : HHH000204: Processing PersistenceUnitInfo [name: default]
2026-06-11T19:07:25.143+08:00  INFO 38840 --- [backend-rental] [main] org.hibernate.Version                    : HHH000412: Hibernate ORM core version 6.6.45.Final
2026-06-11T19:07:25.185+08:00  INFO 38840 --- [backend-rental] [main] o.h.c.internal.RegionFactoryInitiator    : HHH000026: Second-level cache disabled
2026-06-11T19:07:25.503+08:00  INFO 38840 --- [backend-rental] [main] o.s.o.j.p.SpringPersistenceUnitInfo      : No LoadTimeWeaver setup: ignoring JPA class transformer
2026-06-11T19:07:25.529+08:00  INFO 38840 --- [backend-rental] [main] com.zaxxer.hikari.HikariDataSource       : HikariPool-1 - Starting...
2026-06-11T19:07:25.659+08:00  INFO 38840 --- [backend-rental] [main] com.zaxxer.hikari.pool.HikariPool        : HikariPool-1 - Added connection com.mysql.cj.jdbc.ConnectionImpl@3f06ebe0
2026-06-11T19:07:25.661+08:00  INFO 38840 --- [backend-rental] [main] com.zaxxer.hikari.HikariDataSource       : HikariPool-1 - Start completed.
2026-06-11T19:07:25.721+08:00  INFO 38840 --- [backend-rental] [main] org.hibernate.orm.connections.pooling    : HHH10001005: Database info:
	Database JDBC URL [Connecting through datasource 'HikariDataSource (HikariPool-1)']
	Database driver: undefined/unknown
	Database version: 8.0.45
	Autocommit mode: undefined/unknown
	Isolation level: undefined/unknown
	Minimum pool size: undefined/unknown
	Maximum pool size: undefined/unknown
2026-06-11T19:07:26.372+08:00  INFO 38840 --- [backend-rental] [main] o.h.e.t.j.p.i.JtaPlatformInitiator       : HHH000489: No JTA platform available (set 'hibernate.transaction.jta.platform' to enable JTA platform integration)
2026-06-11T19:07:26.456+08:00  INFO 38840 --- [backend-rental] [main] j.LocalContainerEntityManagerFactoryBean : Initialized JPA EntityManagerFactory for persistence unit 'default'
2026-06-11T19:07:26.873+08:00  INFO 38840 --- [backend-rental] [main] o.s.d.j.r.query.QueryEnhancerFactory     : Hibernate is in classpath; If applicable, HQL parser will be used.
2026-06-11T19:07:28.177+08:00  WARN 38840 --- [backend-rental] [main] .s.s.UserDetailsServiceAutoConfiguration : 

Using generated security password: 4defb788-5395-41e3-9d9b-cb679227eff9

This generated password is for development use only. Your security configuration must be updated before running your application in production.

2026-06-11T19:07:28.194+08:00  INFO 38840 --- [backend-rental] [main] r$InitializeUserDetailsManagerConfigurer : Global AuthenticationManager configured with UserDetailsService bean with name inMemoryUserDetailsManager
2026-06-11T19:07:28.320+08:00  INFO 38840 --- [backend-rental] [main] c.e.demo.test_service.TestReservation    : Started TestReservation in 4.854 seconds (process running for 5.654)
2026-06-11T19:07:28.721+08:00  INFO 38840 --- [backend-rental] [SpringApplicationShutdownHook] j.LocalContainerEntityManagerFactoryBean : Closing JPA EntityManagerFactory for persistence unit 'default'
2026-06-11T19:07:28.726+08:00  INFO 38840 --- [backend-rental] [SpringApplicationShutdownHook] com.zaxxer.hikari.HikariDataSource       : HikariPool-1 - Shutdown initiated...
2026-06-11T19:07:28.735+08:00  INFO 38840 --- [backend-rental] [SpringApplicationShutdownHook] com.zaxxer.hikari.HikariDataSource       : HikariPool-1 - Shutdown completed.
2026-06-11T19:07:43.667+08:00  INFO 37560 --- [backend-rental] [main] c.e.demo.test_service.TestReservation    : Starting TestReservation using Java 17.0.18 with PID 37560 (started by User in C:\Users\User\Documents\workspace-spring-tools-for-eclipse-5.0.1.RELEASE\backend-rental)
2026-06-11T19:07:43.668+08:00  INFO 37560 --- [backend-rental] [main] c.e.demo.test_service.TestReservation    : No active profile set, falling back to 1 default profile: "default"
2026-06-11T19:07:44.238+08:00  INFO 37560 --- [backend-rental] [main] .s.d.r.c.RepositoryConfigurationDelegate : Bootstrapping Spring Data JPA repositories in DEFAULT mode.
2026-06-11T19:07:44.299+08:00  INFO 37560 --- [backend-rental] [main] .s.d.r.c.RepositoryConfigurationDelegate : Finished Spring Data repository scanning in 49 ms. Found 3 JPA repository interfaces.
2026-06-11T19:07:44.767+08:00  INFO 37560 --- [backend-rental] [main] o.hibernate.jpa.internal.util.LogHelper  : HHH000204: Processing PersistenceUnitInfo [name: default]
2026-06-11T19:07:44.831+08:00  INFO 37560 --- [backend-rental] [main] org.hibernate.Version                    : HHH000412: Hibernate ORM core version 6.6.45.Final
2026-06-11T19:07:44.863+08:00  INFO 37560 --- [backend-rental] [main] o.h.c.internal.RegionFactoryInitiator    : HHH000026: Second-level cache disabled
2026-06-11T19:07:45.176+08:00  INFO 37560 --- [backend-rental] [main] o.s.o.j.p.SpringPersistenceUnitInfo      : No LoadTimeWeaver setup: ignoring JPA class transformer
2026-06-11T19:07:45.211+08:00  INFO 37560 --- [backend-rental] [main] com.zaxxer.hikari.HikariDataSource       : HikariPool-1 - Starting...
2026-06-11T19:07:45.328+08:00  INFO 37560 --- [backend-rental] [main] com.zaxxer.hikari.pool.HikariPool        : HikariPool-1 - Added connection com.mysql.cj.jdbc.ConnectionImpl@60816371
2026-06-11T19:07:45.329+08:00  INFO 37560 --- [backend-rental] [main] com.zaxxer.hikari.HikariDataSource       : HikariPool-1 - Start completed.
2026-06-11T19:07:45.383+08:00  INFO 37560 --- [backend-rental] [main] org.hibernate.orm.connections.pooling    : HHH10001005: Database info:
	Database JDBC URL [Connecting through datasource 'HikariDataSource (HikariPool-1)']
	Database driver: undefined/unknown
	Database version: 8.0.45
	Autocommit mode: undefined/unknown
	Isolation level: undefined/unknown
	Minimum pool size: undefined/unknown
	Maximum pool size: undefined/unknown
2026-06-11T19:07:46.024+08:00  INFO 37560 --- [backend-rental] [main] o.h.e.t.j.p.i.JtaPlatformInitiator       : HHH000489: No JTA platform available (set 'hibernate.transaction.jta.platform' to enable JTA platform integration)
2026-06-11T19:07:46.106+08:00  INFO 37560 --- [backend-rental] [main] j.LocalContainerEntityManagerFactoryBean : Initialized JPA EntityManagerFactory for persistence unit 'default'
2026-06-11T19:07:46.499+08:00  INFO 37560 --- [backend-rental] [main] o.s.d.j.r.query.QueryEnhancerFactory     : Hibernate is in classpath; If applicable, HQL parser will be used.
2026-06-11T19:07:47.645+08:00  WARN 37560 --- [backend-rental] [main] .s.s.UserDetailsServiceAutoConfiguration : 

Using generated security password: a0b9748a-ca7a-4d36-8a07-dd8b1d53f884

This generated password is for development use only. Your security configuration must be updated before running your application in production.

2026-06-11T19:07:47.652+08:00  INFO 37560 --- [backend-rental] [main] r$InitializeUserDetailsManagerConfigurer : Global AuthenticationManager configured with UserDetailsService bean with name inMemoryUserDetailsManager
2026-06-11T19:07:47.806+08:00  INFO 37560 --- [backend-rental] [main] c.e.demo.test_service.TestReservation    : Started TestReservation in 4.417 seconds (process running for 5.142)
2026-06-11T19:07:48.194+08:00  INFO 37560 --- [backend-rental] [SpringApplicationShutdownHook] j.LocalContainerEntityManagerFactoryBean : Closing JPA EntityManagerFactory for persistence unit 'default'
2026-06-11T19:07:48.197+08:00  INFO 37560 --- [backend-rental] [SpringApplicationShutdownHook] com.zaxxer.hikari.HikariDataSource       : HikariPool-1 - Shutdown initiated...
2026-06-11T19:07:48.205+08:00  INFO 37560 --- [backend-rental] [SpringApplicationShutdownHook] com.zaxxer.hikari.HikariDataSource       : HikariPool-1 - Shutdown completed.
2026-06-11T19:19:05.059+08:00  INFO 35848 --- [backend-rental] [main] c.e.demo.test_service.TestReservation    : Starting TestReservation using Java 17.0.18 with PID 35848 (started by User in C:\Users\User\Documents\workspace-spring-tools-for-eclipse-5.0.1.RELEASE\backend-rental)
2026-06-11T19:19:05.061+08:00  INFO 35848 --- [backend-rental] [main] c.e.demo.test_service.TestReservation    : No active profile set, falling back to 1 default profile: "default"
2026-06-11T19:19:05.622+08:00  INFO 35848 --- [backend-rental] [main] .s.d.r.c.RepositoryConfigurationDelegate : Bootstrapping Spring Data JPA repositories in DEFAULT mode.
2026-06-11T19:19:05.680+08:00  INFO 35848 --- [backend-rental] [main] .s.d.r.c.RepositoryConfigurationDelegate : Finished Spring Data repository scanning in 47 ms. Found 3 JPA repository interfaces.
2026-06-11T19:19:06.166+08:00  INFO 35848 --- [backend-rental] [main] o.hibernate.jpa.internal.util.LogHelper  : HHH000204: Processing PersistenceUnitInfo [name: default]
2026-06-11T19:19:06.272+08:00  INFO 35848 --- [backend-rental] [main] org.hibernate.Version                    : HHH000412: Hibernate ORM core version 6.6.45.Final
2026-06-11T19:19:06.315+08:00  INFO 35848 --- [backend-rental] [main] o.h.c.internal.RegionFactoryInitiator    : HHH000026: Second-level cache disabled
2026-06-11T19:19:06.643+08:00  INFO 35848 --- [backend-rental] [main] o.s.o.j.p.SpringPersistenceUnitInfo      : No LoadTimeWeaver setup: ignoring JPA class transformer
2026-06-11T19:19:06.669+08:00  INFO 35848 --- [backend-rental] [main] com.zaxxer.hikari.HikariDataSource       : HikariPool-1 - Starting...
2026-06-11T19:19:06.787+08:00  INFO 35848 --- [backend-rental] [main] com.zaxxer.hikari.pool.HikariPool        : HikariPool-1 - Added connection com.mysql.cj.jdbc.ConnectionImpl@5ad6f98e
2026-06-11T19:19:06.788+08:00  INFO 35848 --- [backend-rental] [main] com.zaxxer.hikari.HikariDataSource       : HikariPool-1 - Start completed.
2026-06-11T19:19:06.845+08:00  INFO 35848 --- [backend-rental] [main] org.hibernate.orm.connections.pooling    : HHH10001005: Database info:
	Database JDBC URL [Connecting through datasource 'HikariDataSource (HikariPool-1)']
	Database driver: undefined/unknown
	Database version: 8.0.45
	Autocommit mode: undefined/unknown
	Isolation level: undefined/unknown
	Minimum pool size: undefined/unknown
	Maximum pool size: undefined/unknown
2026-06-11T19:19:07.476+08:00  INFO 35848 --- [backend-rental] [main] o.h.e.t.j.p.i.JtaPlatformInitiator       : HHH000489: No JTA platform available (set 'hibernate.transaction.jta.platform' to enable JTA platform integration)
2026-06-11T19:19:07.557+08:00  INFO 35848 --- [backend-rental] [main] j.LocalContainerEntityManagerFactoryBean : Initialized JPA EntityManagerFactory for persistence unit 'default'
2026-06-11T19:19:08.006+08:00  INFO 35848 --- [backend-rental] [main] o.s.d.j.r.query.QueryEnhancerFactory     : Hibernate is in classpath; If applicable, HQL parser will be used.
2026-06-11T19:19:09.194+08:00  WARN 35848 --- [backend-rental] [main] .s.s.UserDetailsServiceAutoConfiguration : 

Using generated security password: 8567961a-788b-4d9d-9b47-88176c5cff02

This generated password is for development use only. Your security configuration must be updated before running your application in production.

2026-06-11T19:19:09.205+08:00  INFO 35848 --- [backend-rental] [main] r$InitializeUserDetailsManagerConfigurer : Global AuthenticationManager configured with UserDetailsService bean with name inMemoryUserDetailsManager
2026-06-11T19:19:09.352+08:00  INFO 35848 --- [backend-rental] [main] c.e.demo.test_service.TestReservation    : Started TestReservation in 4.573 seconds (process running for 5.317)
2026-06-11T19:19:09.741+08:00  INFO 35848 --- [backend-rental] [SpringApplicationShutdownHook] j.LocalContainerEntityManagerFactoryBean : Closing JPA EntityManagerFactory for persistence unit 'default'
2026-06-11T19:19:09.746+08:00  INFO 35848 --- [backend-rental] [SpringApplicationShutdownHook] com.zaxxer.hikari.HikariDataSource       : HikariPool-1 - Shutdown initiated...
2026-06-11T19:19:09.757+08:00  INFO 35848 --- [backend-rental] [SpringApplicationShutdownHook] com.zaxxer.hikari.HikariDataSource       : HikariPool-1 - Shutdown completed.
2026-06-11T19:19:54.787+08:00  INFO 33960 --- [backend-rental] [main] c.e.demo.test_service.TestReservation    : Starting TestReservation using Java 17.0.18 with PID 33960 (started by User in C:\Users\User\Documents\workspace-spring-tools-for-eclipse-5.0.1.RELEASE\backend-rental)
2026-06-11T19:19:54.789+08:00  INFO 33960 --- [backend-rental] [main] c.e.demo.test_service.TestReservation    : No active profile set, falling back to 1 default profile: "default"
2026-06-11T19:19:55.354+08:00  INFO 33960 --- [backend-rental] [main] .s.d.r.c.RepositoryConfigurationDelegate : Bootstrapping Spring Data JPA repositories in DEFAULT mode.
2026-06-11T19:19:55.421+08:00  INFO 33960 --- [backend-rental] [main] .s.d.r.c.RepositoryConfigurationDelegate : Finished Spring Data repository scanning in 55 ms. Found 3 JPA repository interfaces.
2026-06-11T19:19:55.927+08:00  INFO 33960 --- [backend-rental] [main] o.hibernate.jpa.internal.util.LogHelper  : HHH000204: Processing PersistenceUnitInfo [name: default]
2026-06-11T19:19:56.015+08:00  INFO 33960 --- [backend-rental] [main] org.hibernate.Version                    : HHH000412: Hibernate ORM core version 6.6.45.Final
2026-06-11T19:19:56.063+08:00  INFO 33960 --- [backend-rental] [main] o.h.c.internal.RegionFactoryInitiator    : HHH000026: Second-level cache disabled
2026-06-11T19:19:56.398+08:00  INFO 33960 --- [backend-rental] [main] o.s.o.j.p.SpringPersistenceUnitInfo      : No LoadTimeWeaver setup: ignoring JPA class transformer
2026-06-11T19:19:56.430+08:00  INFO 33960 --- [backend-rental] [main] com.zaxxer.hikari.HikariDataSource       : HikariPool-1 - Starting...
2026-06-11T19:19:56.548+08:00  INFO 33960 --- [backend-rental] [main] com.zaxxer.hikari.pool.HikariPool        : HikariPool-1 - Added connection com.mysql.cj.jdbc.ConnectionImpl@10b67f54
2026-06-11T19:19:56.550+08:00  INFO 33960 --- [backend-rental] [main] com.zaxxer.hikari.HikariDataSource       : HikariPool-1 - Start completed.
2026-06-11T19:19:56.608+08:00  INFO 33960 --- [backend-rental] [main] org.hibernate.orm.connections.pooling    : HHH10001005: Database info:
	Database JDBC URL [Connecting through datasource 'HikariDataSource (HikariPool-1)']
	Database driver: undefined/unknown
	Database version: 8.0.45
	Autocommit mode: undefined/unknown
	Isolation level: undefined/unknown
	Minimum pool size: undefined/unknown
	Maximum pool size: undefined/unknown
2026-06-11T19:19:57.233+08:00  INFO 33960 --- [backend-rental] [main] o.h.e.t.j.p.i.JtaPlatformInitiator       : HHH000489: No JTA platform available (set 'hibernate.transaction.jta.platform' to enable JTA platform integration)
2026-06-11T19:19:57.308+08:00  INFO 33960 --- [backend-rental] [main] j.LocalContainerEntityManagerFactoryBean : Initialized JPA EntityManagerFactory for persistence unit 'default'
2026-06-11T19:19:57.684+08:00  INFO 33960 --- [backend-rental] [main] o.s.d.j.r.query.QueryEnhancerFactory     : Hibernate is in classpath; If applicable, HQL parser will be used.
2026-06-11T19:19:58.819+08:00  WARN 33960 --- [backend-rental] [main] .s.s.UserDetailsServiceAutoConfiguration : 

Using generated security password: 684131e2-b6e9-436a-94d0-8c6e4469e64b

This generated password is for development use only. Your security configuration must be updated before running your application in production.

2026-06-11T19:19:58.833+08:00  INFO 33960 --- [backend-rental] [main] r$InitializeUserDetailsManagerConfigurer : Global AuthenticationManager configured with UserDetailsService bean with name inMemoryUserDetailsManager
2026-06-11T19:19:59.001+08:00  INFO 33960 --- [backend-rental] [main] c.e.demo.test_service.TestReservation    : Started TestReservation in 4.492 seconds (process running for 5.229)
2026-06-11T19:19:59.406+08:00  INFO 33960 --- [backend-rental] [SpringApplicationShutdownHook] j.LocalContainerEntityManagerFactoryBean : Closing JPA EntityManagerFactory for persistence unit 'default'
2026-06-11T19:19:59.411+08:00  INFO 33960 --- [backend-rental] [SpringApplicationShutdownHook] com.zaxxer.hikari.HikariDataSource       : HikariPool-1 - Shutdown initiated...
2026-06-11T19:19:59.419+08:00  INFO 33960 --- [backend-rental] [SpringApplicationShutdownHook] com.zaxxer.hikari.HikariDataSource       : HikariPool-1 - Shutdown completed.
2026-06-11T19:20:08.818+08:00  INFO 40256 --- [backend-rental] [main] c.e.demo.test_service.TestReservation    : Starting TestReservation using Java 17.0.18 with PID 40256 (started by User in C:\Users\User\Documents\workspace-spring-tools-for-eclipse-5.0.1.RELEASE\backend-rental)
2026-06-11T19:20:08.819+08:00  INFO 40256 --- [backend-rental] [main] c.e.demo.test_service.TestReservation    : No active profile set, falling back to 1 default profile: "default"
2026-06-11T19:20:09.403+08:00  INFO 40256 --- [backend-rental] [main] .s.d.r.c.RepositoryConfigurationDelegate : Bootstrapping Spring Data JPA repositories in DEFAULT mode.
2026-06-11T19:20:09.466+08:00  INFO 40256 --- [backend-rental] [main] .s.d.r.c.RepositoryConfigurationDelegate : Finished Spring Data repository scanning in 52 ms. Found 3 JPA repository interfaces.
2026-06-11T19:20:09.929+08:00  INFO 40256 --- [backend-rental] [main] o.hibernate.jpa.internal.util.LogHelper  : HHH000204: Processing PersistenceUnitInfo [name: default]
2026-06-11T19:20:10.027+08:00  INFO 40256 --- [backend-rental] [main] org.hibernate.Version                    : HHH000412: Hibernate ORM core version 6.6.45.Final
2026-06-11T19:20:10.072+08:00  INFO 40256 --- [backend-rental] [main] o.h.c.internal.RegionFactoryInitiator    : HHH000026: Second-level cache disabled
2026-06-11T19:20:10.417+08:00  INFO 40256 --- [backend-rental] [main] o.s.o.j.p.SpringPersistenceUnitInfo      : No LoadTimeWeaver setup: ignoring JPA class transformer
2026-06-11T19:20:10.444+08:00  INFO 40256 --- [backend-rental] [main] com.zaxxer.hikari.HikariDataSource       : HikariPool-1 - Starting...
2026-06-11T19:20:10.558+08:00  INFO 40256 --- [backend-rental] [main] com.zaxxer.hikari.pool.HikariPool        : HikariPool-1 - Added connection com.mysql.cj.jdbc.ConnectionImpl@1109730f
2026-06-11T19:20:10.560+08:00  INFO 40256 --- [backend-rental] [main] com.zaxxer.hikari.HikariDataSource       : HikariPool-1 - Start completed.
2026-06-11T19:20:10.614+08:00  INFO 40256 --- [backend-rental] [main] org.hibernate.orm.connections.pooling    : HHH10001005: Database info:
	Database JDBC URL [Connecting through datasource 'HikariDataSource (HikariPool-1)']
	Database driver: undefined/unknown
	Database version: 8.0.45
	Autocommit mode: undefined/unknown
	Isolation level: undefined/unknown
	Minimum pool size: undefined/unknown
	Maximum pool size: undefined/unknown
2026-06-11T19:20:11.227+08:00  INFO 40256 --- [backend-rental] [main] o.h.e.t.j.p.i.JtaPlatformInitiator       : HHH000489: No JTA platform available (set 'hibernate.transaction.jta.platform' to enable JTA platform integration)
2026-06-11T19:20:11.303+08:00  INFO 40256 --- [backend-rental] [main] j.LocalContainerEntityManagerFactoryBean : Initialized JPA EntityManagerFactory for persistence unit 'default'
2026-06-11T19:20:11.615+08:00  INFO 40256 --- [backend-rental] [main] o.s.d.j.r.query.QueryEnhancerFactory     : Hibernate is in classpath; If applicable, HQL parser will be used.
2026-06-11T19:20:12.894+08:00  WARN 40256 --- [backend-rental] [main] .s.s.UserDetailsServiceAutoConfiguration : 

Using generated security password: 45728af3-6585-4050-8ef6-ceac9d79bcb0

This generated password is for development use only. Your security configuration must be updated before running your application in production.

2026-06-11T19:20:12.914+08:00  INFO 40256 --- [backend-rental] [main] r$InitializeUserDetailsManagerConfigurer : Global AuthenticationManager configured with UserDetailsService bean with name inMemoryUserDetailsManager
2026-06-11T19:20:13.157+08:00  INFO 40256 --- [backend-rental] [main] c.e.demo.test_service.TestReservation    : Started TestReservation in 4.642 seconds (process running for 5.392)
2026-06-11T19:20:13.502+08:00  INFO 40256 --- [backend-rental] [SpringApplicationShutdownHook] j.LocalContainerEntityManagerFactoryBean : Closing JPA EntityManagerFactory for persistence unit 'default'
2026-06-11T19:20:13.505+08:00  INFO 40256 --- [backend-rental] [SpringApplicationShutdownHook] com.zaxxer.hikari.HikariDataSource       : HikariPool-1 - Shutdown initiated...
2026-06-11T19:20:13.514+08:00  INFO 40256 --- [backend-rental] [SpringApplicationShutdownHook] com.zaxxer.hikari.HikariDataSource       : HikariPool-1 - Shutdown completed.
2026-06-11T19:37:36.286+08:00  INFO 30008 --- [backend-rental] [main] c.example.demo.BackendRentalApplication  : Starting BackendRentalApplication using Java 17.0.18 with PID 30008 (C:\Users\User\Documents\workspace-spring-tools-for-eclipse-5.0.1.RELEASE\backend-rental\target\classes started by User in C:\Users\User\Documents\workspace-spring-tools-for-eclipse-5.0.1.RELEASE\backend-rental)
2026-06-11T19:37:36.288+08:00  INFO 30008 --- [backend-rental] [main] c.example.demo.BackendRentalApplication  : No active profile set, falling back to 1 default profile: "default"
2026-06-11T19:37:36.689+08:00  INFO 30008 --- [backend-rental] [main] .s.d.r.c.RepositoryConfigurationDelegate : Bootstrapping Spring Data JPA repositories in DEFAULT mode.
2026-06-11T19:37:36.734+08:00  INFO 30008 --- [backend-rental] [main] .s.d.r.c.RepositoryConfigurationDelegate : Finished Spring Data repository scanning in 38 ms. Found 3 JPA repository interfaces.
2026-06-11T19:37:37.024+08:00  INFO 30008 --- [backend-rental] [main] o.s.b.w.embedded.tomcat.TomcatWebServer  : Tomcat initialized with port 8080 (http)
2026-06-11T19:37:37.034+08:00  INFO 30008 --- [backend-rental] [main] o.apache.catalina.core.StandardService   : Starting service [Tomcat]
2026-06-11T19:37:37.036+08:00  INFO 30008 --- [backend-rental] [main] o.apache.catalina.core.StandardEngine    : Starting Servlet engine: [Apache Tomcat/10.1.53]
2026-06-11T19:37:37.068+08:00  INFO 30008 --- [backend-rental] [main] o.a.c.c.C.[Tomcat].[localhost].[/]       : Initializing Spring embedded WebApplicationContext
2026-06-11T19:37:37.068+08:00  INFO 30008 --- [backend-rental] [main] w.s.c.ServletWebServerApplicationContext : Root WebApplicationContext: initialization completed in 756 ms
2026-06-11T19:37:37.172+08:00  INFO 30008 --- [backend-rental] [main] o.hibernate.jpa.internal.util.LogHelper  : HHH000204: Processing PersistenceUnitInfo [name: default]
2026-06-11T19:37:37.205+08:00  INFO 30008 --- [backend-rental] [main] org.hibernate.Version                    : HHH000412: Hibernate ORM core version 6.6.45.Final
2026-06-11T19:37:37.226+08:00  INFO 30008 --- [backend-rental] [main] o.h.c.internal.RegionFactoryInitiator    : HHH000026: Second-level cache disabled
2026-06-11T19:37:37.394+08:00  INFO 30008 --- [backend-rental] [main] o.s.o.j.p.SpringPersistenceUnitInfo      : No LoadTimeWeaver setup: ignoring JPA class transformer
2026-06-11T19:37:37.414+08:00  INFO 30008 --- [backend-rental] [main] com.zaxxer.hikari.HikariDataSource       : HikariPool-1 - Starting...
2026-06-11T19:37:37.516+08:00  INFO 30008 --- [backend-rental] [main] com.zaxxer.hikari.pool.HikariPool        : HikariPool-1 - Added connection com.mysql.cj.jdbc.ConnectionImpl@cae2a97
2026-06-11T19:37:37.517+08:00  INFO 30008 --- [backend-rental] [main] com.zaxxer.hikari.HikariDataSource       : HikariPool-1 - Start completed.
2026-06-11T19:37:37.574+08:00  INFO 30008 --- [backend-rental] [main] org.hibernate.orm.connections.pooling    : HHH10001005: Database info:
	Database JDBC URL [Connecting through datasource 'HikariDataSource (HikariPool-1)']
	Database driver: undefined/unknown
	Database version: 8.0.45
	Autocommit mode: undefined/unknown
	Isolation level: undefined/unknown
	Minimum pool size: undefined/unknown
	Maximum pool size: undefined/unknown
2026-06-11T19:37:38.122+08:00  INFO 30008 --- [backend-rental] [main] o.h.e.t.j.p.i.JtaPlatformInitiator       : HHH000489: No JTA platform available (set 'hibernate.transaction.jta.platform' to enable JTA platform integration)
2026-06-11T19:37:38.190+08:00  INFO 30008 --- [backend-rental] [main] j.LocalContainerEntityManagerFactoryBean : Initialized JPA EntityManagerFactory for persistence unit 'default'
2026-06-11T19:37:38.440+08:00  INFO 30008 --- [backend-rental] [main] o.s.d.j.r.query.QueryEnhancerFactory     : Hibernate is in classpath; If applicable, HQL parser will be used.
2026-06-11T19:37:38.904+08:00  WARN 30008 --- [backend-rental] [main] .s.s.UserDetailsServiceAutoConfiguration : 

Using generated security password: e499f5e4-5464-4714-a021-cd2e5b3e131a

This generated password is for development use only. Your security configuration must be updated before running your application in production.

2026-06-11T19:37:38.910+08:00  INFO 30008 --- [backend-rental] [main] r$InitializeUserDetailsManagerConfigurer : Global AuthenticationManager configured with UserDetailsService bean with name inMemoryUserDetailsManager
2026-06-11T19:37:39.013+08:00  INFO 30008 --- [backend-rental] [main] o.s.b.w.embedded.tomcat.TomcatWebServer  : Tomcat started on port 8080 (http) with context path '/'
2026-06-11T19:37:39.019+08:00  INFO 30008 --- [backend-rental] [main] c.example.demo.BackendRentalApplication  : Started BackendRentalApplication in 3.012 seconds (process running for 3.384)
2026-06-11T19:37:43.748+08:00  INFO 30008 --- [backend-rental] [RMI TCP Connection(8)-127.0.0.1] inMXBeanRegistrar$SpringApplicationAdmin : Application shutdown requested.
2026-06-11T19:37:43.753+08:00  INFO 30008 --- [backend-rental] [RMI TCP Connection(8)-127.0.0.1] o.s.b.w.e.tomcat.GracefulShutdown        : Commencing graceful shutdown. Waiting for active requests to complete
2026-06-11T19:37:43.822+08:00  INFO 30008 --- [backend-rental] [tomcat-shutdown] o.s.b.w.e.tomcat.GracefulShutdown        : Graceful shutdown complete
2026-06-11T19:37:43.826+08:00  INFO 30008 --- [backend-rental] [RMI TCP Connection(8)-127.0.0.1] j.LocalContainerEntityManagerFactoryBean : Closing JPA EntityManagerFactory for persistence unit 'default'
2026-06-11T19:37:43.827+08:00  INFO 30008 --- [backend-rental] [RMI TCP Connection(8)-127.0.0.1] com.zaxxer.hikari.HikariDataSource       : HikariPool-1 - Shutdown initiated...
2026-06-11T19:37:43.831+08:00  INFO 30008 --- [backend-rental] [RMI TCP Connection(8)-127.0.0.1] com.zaxxer.hikari.HikariDataSource       : HikariPool-1 - Shutdown completed.
